// 重构日志: ed8a2a31
// 重构日志: f922a7bc
// 重构日志: fdeba677
// 同步 ID: 655d5a87 @ Thu Jul 16 12:28:42 UTC 2026
// 同步 ID: 315da22d @ Thu Jul 16 14:41:05 UTC 2026
// 重构日志: 86a63700
// 同步 ID: 0463c22a @ Fri Jul 17 10:43:24 UTC 2026
// 重构日志: 3d6c133e
// 同步 ID: 2174f672 @ Sat Jul 18 09:22:23 UTC 2026
// 重构日志: a84d0251
// 重构日志: 996d7eb7
// 同步 ID: e01649fa @ Sun Jul 19 04:09:48 UTC 2026
// 重构日志: c3ff4a3a
// 重构日志: ae857f03
// 重构日志: 64fb2adf
// 同步 ID: ec98c1df @ Tue Jul 21 13:22:52 UTC 2026
// 同步 ID: 7fcf296e @ Thu Jul 23 16:17:26 UTC 2026
// 重构日志: 7a1cf2f4
// 重构日志: 190ae787
// 重构日志: f75f5df9
// 重构日志: b646f16a
// 同步 ID: 50924c3f @ Sun Jul 26 00:10:45 UTC 2026
// 同步 ID: aa82b258 @ Sun Jul 26 04:56:55 UTC 2026
// 同步 ID: 63ff8ea5 @ Sun Jul 26 15:31:48 UTC 2026
// 重构日志: 762be360
// 重构日志: dc37dfe5
// 重构日志: 06f9fa9c
// 重构日志: 14a53fca
// 同步 ID: 4e7879ea @ Tue Jul 28 18:32:28 UTC 2026
// 同步 ID: 62278e66 @ Wed Jul 29 00:42:46 UTC 2026
// 重构日志: f2055df2
